Script started on 2022-10-09 19:34:50-04:00

*** Creat a new session for homework(a3)
]0;hyeyeon@sjsu:~/CS131[hyeyeon@sjsu CS131]$ tmux new-session -s homework
[?1049h[22;0;0t[?1h=[H[2J[?12l[?25h[?1000l[?1002l[?1006l[?1005l[c(B[m[?12;25h[?12l[?25h[?1003l[?1006l[?2004l[1;1H[1;30r]112[1;1H[?25l[K
[K[30m[42m[homework]0:bash*                                                                "sjsu.pub.pic2.ibm.com" 19:34 09-Oct-22(B[m[1;1H[?12l[?25h(B[m[?12;25h[?12l[?25h[?1003l[?1006l[?2004l[1;1H[1;30r[1;1H[?25l[K
[K
[K
[30m[42m[homework]0:bash*                                                                "sjsu.pub.pic2.ibm.com" 19:34 09-Oct-22(B[m[1;1H[?12l[?25h[hyeyeon@sjsu CS131]$ tmux attach -t homework
sessions should be nested with care, unset $TMUX to force
[hyeyeon@sjsu CS131]$ [?25l[30;1H[30m[42m[homework]0:bash*                                                                "sjsu.pub.pic2.ibm.com" 19:35 09-Oct-22(B[m[5;23H[?12l[?25h^C
[hyeyeon@sjsu CS131]$ [?25l[30;1H[30m[43mNo last window                                                                                                          (B[m[6;23H[H[hyeyeon@sjsu CS131]$ tmux attach -t homework[K
sessions should be nested with care, unset $TMUX to force[K
[hyeyeon@sjsu CS131]$ Ctrl+B followed by C[K
-bash: Ctrl+B: command not found[K
[hyeyeon@sjsu CS131]$ ^C[K
[hyeyeon@sjsu CS131]$[K
[K
[K


1. Represent a user A getting a reply from another user B as a line A_ID,B_ID (A_ID and B_ID are the comma separated IDs of user A and B, though you can also tab-separate A_ID and B_ID if it fits you). You can get the replies from the file "downloaded_tweets_extend_original_nolf2.tsv"

(B[m[hyeyeon@sjsu CS131]$ cut -f2,6 downloaded_tweets_extend_original_nolf2.tsv|sort -k2|uniq -f1 -c|sort -n > replies_data.ccsv

-> sort -k2 : Sort by second column
-> uniq -f1 : Jump across the 2nd row and check duplication based on the 6th row
-> uniq -c : Output duplicate count

[hyeyeon@sjsu CS131]$ t[?25l[30;1H[30m[42m[homework]0:bash*                                                                "sjsu.pub.pic2.ibm.com" 19:36 09-Oct-22(B[m[13;24H[?12l[?25hail replies_data.csv
     31 121732143[7C29447428
     36 140496030[7C140496030
     36 172323296[7C172323296
     37 1094971056358637568[5C1094971056358637568
     39 544732668[7C544732668
     46 105613985[7C3453306553
     83 16050065[8C16050065
    107 2942274771[6C380648579
    238 1094971056358637568[5C18831926
  38739 1000005001

2. Produce clusters (groups of influence) by ranking the users who got replies by their number of replies. Keep only the largest clusters by "cutting" at a threshold of 3; in order words, keep just the graph for users who got 3 or more replies
[hyeyeon@sjsu CS131]$ awk '{print $1}' replies_data.csv | uniq -c | sort -k 1n | awk '{ if ($1 >= 3) {print} }'
[1;29r[3S[22;1H      3 13

-> awk '{ if ($1 >= 3) {print} : keep just the graph for users who got 3 or more replies

      4 11
      5 10
      6 12
      7 9
      8 15
     13 7[1;30r[29;1H[1;29r[4S[25;1H     13 8
     26 6
     40 5
     64 4[1;30r[29;1H[1;29r[3S[26;1H    121 3
    308 2
   1806 1[1;30r[29;1H[hyeyeon@sjsu CS131]$ awk '{print $1}' replies_data.csv | uniq -c | sort -k 1n | awk '{ if ($1 >= 3) {pri[1;29r[29;120H
[28;106Hnt} }' > data.cssv[1;30r[29;3H[1;29r[29;120H


3. Plot the sizes of clusters as a histogram to show how many clusters of each size resulted

[1;30r[29;1H[hyeyeon@sjsu CS131]$ /etc/gnuplot-5.4.4/src/gnuplot[1;29r[29;120H
[1;30r[29;1H[1;29r[10S[20;9HG N U P L O T[21;9HVersion 5.4 patchlevel 4    last modified 2022-07-10 [23;9HCopyright (C) 1986-1993, 1998, 2004, 2007-2022[24;9HThomas Williams, Colin Kelley and many others[26;9Hgnuplot home:     http://www.gnuplot.info[27;9Hfaq, bugs, etc:   type "help FAQ"[28;9Himmediate help:   type "help"  (plot window: hit 'h')[1;30r[29;1H[1;29r[2S[28;1HTerminal type is now 'unknown'[1;30r[29;1Hgnuplot> [?25l
[30m[42m[homework]0:gnuplot*                                                             "sjsu.pub.pic2.ibm.com" 19:36 09-Oct-22(B[m[29;10H[?12l[?25hset terminal svg[1;29r[29;120H
[1;30r[29;1H[1;29r[3S[27;1HTerminal type is now 'svg'
Options are 'size 600,480 fixed enhanced font 'Arial,12' butt dashlength 1.0 '
gnuplot> [1;30r[29;10Hset output ""a"  [3D3"  [3D."  [3Ds"  [3D"  [3D"  [3D_"  [3Dg"  [3Di"  [3D"  [3D"  [3Df"  [3Di"  [3Dg"  [3D."  [3Ds"  [3Dv"  [3Dg"  [3D[?25l
[30m[42m[homework]0:gnuplot*                                                             "sjsu.pub.pic2.ibm.com" 19:37 09-Oct-22(B[m[29;32H[?12l[?25h[1;29r[29;120H
[1;30r[29;1Hgnuplot> plot "data.csv"[1;29r[29;120H
[1;30r[29;1Hgnuplot> [1;29r[2S[28;1H[1]+  Stopped                 /etc/gnuplot-5.4.4/src/gnuplot[1;30r[29;1H[?25l


4.

   1) Find the 30 most frequent hashtags in these largest clusters of replies you kept (for the users/tweets that got replied to, not the users/tweets doing the replies)

[30m[42m[homework]0:bash*                                                                "sjsu.pub.pic2.ibm.com" 19:37 09-Oct-22(B[m[29;1H[?12l[?25h[hyeyeon@sjsu CS131]$ grep "1094971056358637568" downloaded_tweets_extend_original_nolf2.tsv|cut -f4|sort|uniq -c|so[1;29r[29;120H
[28;117Hrt -nn|tail -30 > a3_hashtag.txt[1;30r[29;28H[1;29r[29;120H

-> largest clusters of replies(author) : 1094971056358637568
-> cut –f4 : 4th row only
-> sort : Sort
-> uniq -c : Output duplicate count
-> sort –n : Sort by number
-> tail –30 : View only the last 30 data


   2) Compare to the 30 most frequent hashtags you found in assignment #2 (overall, question 5). Which hashtags appear in these clusters that did not appear in the frequent hashtags from assignment #2?

[1;30r[29;1H[hyeyeon@sjsu CS131]$ cut -f4 downloaded_tweets_extend_original_nolf2.tsv|sort|uniq -c|sort -n|tail -30 > a2_[1;29r[29;120H

-> a2_hashtag


   3) Compare
[28;110Hhashtag.txt [1;30r[29;1H[28;120H[Kt[29;1H[hyeyeon@sjsu CS131]$ diff a3_hashtag.txt a2_hashtag.txt[1;29r[29;120H
[1;30r[29;1H[1;29r[13S[16;1H1,30c1,30
<       1 StopCensoringSocialism
<       1 Strike
<       1 UkraineConflict
<       1 "Ukraine,Putin,NATO"
<       1 "UkraineRussianWar,NATO"
<       1 Uyghurs
<       1 warukraine
<       1 "WhoopiGoldberg,Holocaust,Antisemitism"
<       1 WillSmith
<       1 "WuhanLab,NYT,SARSCoV2"
<       1 ZeroCOVID
<       1 "ZeroCovid,COVID19"[1;30r[29;1H[1;29r[24S[5;1H<       2 COVID
<       2 Covid_19
<       2 "COVID19,pandemic"
<       2 MeToo
<       2 NATO
<       2 OmicronVariant
<       2 "Ukraine,NATO"
<       2 WarCrimes
<       3 pandemic
<       3 UkraineWar
<       3 WarCriminal
<       4 Omicron
<       4 UkraineRussianWar
<       4 UkraineRussiaWar
<       7 Ukraine
<       7 ZeroCovid
<      10 COVID19
<      10 NYTimes
---
>      72 CovidIsNotOver
>      74 longcovid
>      79 DemVoice1
>      79 Partygate
>      82 Mariupol
>      82 "เจจ้าแกก้มกก้อน[10S[10A,fluke_natouch"
>      84 RepublicanTTTTTTPredators
>      84 "Ukraine,Russia"
>      88 ChefsForUkraine
>      88 Kyiv
>      89 bcpoli
>      89 COVID
>      91 Brexit
>      98 SOTU
>     107 insiders[1;30r[29;1H[1;29r[15S[14;1H>     110 COVIDisAirborne
>     116 OneOfUsAllOfUs
>     118 onpoli
>     123 Omicron
>     139 "Russia,Ukraine"
>     173 Russia
>     175 cdnpoli
>     181 ableg
>     247 BREAKING
>     267 PMQs
>     310 StandWithUkraine
>     571 COVID19
>     721 auspol
>     734 LongCovid
>     969 Ukraine[1;30r[29;1H[hyeyeon@sjsu CS131]$ [1;29r[2S[27;23Hlogout
There are stopped jobs.[1;30r[29;1H[hyeyeon@sjsu CS131]$ ls[1;29r[29;120H
[1;30r[29;1H[1;29r[4S[25;1H[34m[1mA1(B[m              [35m[1ma3_fig.svg(B[m                         cmds.log     downloaded_tweets_extend_nolf2.tsv           [34m[1mws3
(B[ma1.txt          a3_hashtag.txt                     context.txt  downloaded_tweets_extend_original_nolf2.tsv
a2_hashtag.txt  a3.txt                             [34m[1mCUSTOMERS(B[m    [34m[1mPRODUCTS
(B[ma2.txt          amazon_reviews_us_Books_v1_02.tsv  data.csv     replies_data.csv[1;30r[29;1H[hyeyeon@sjsu CS131]$ [?25l
[30m[42m[homework]0:bash*                                                                "sjsu.pub.pic2.ibm.com" 19:38 09-Oct-22(B[m[29;23H[?12l[?25hvi a3.txt[1;29r[29;120H
[1;30r[29;1H[?25l[H[K
[K
